This is pdfTeX, Version 3.141592653-2.6-1.40.25 (TeX Live 2023) (preloaded format=pdflatex 2023.6.5)  3 MAY 2026 22:48
entering extended mode
 restricted \write18 enabled.
 file:line:error style messages enabled.
 %&-line parsing enabled.
**MultivariableControlSystemsProjectUpdate4Report.tex
(./MultivariableControlSystemsProjectUpdate4Report.tex
LaTeX2e <2022-11-01> patch level 1
L3 programming layer <2023-05-22>
(c:/texlive/2023/texmf-dist/tex/latex/base/article.cls
Document Class: article 2022/07/02 v1.4n Standard LaTeX document class
(c:/texlive/2023/texmf-dist/tex/latex/base/size10.clo
File: size10.clo 2022/07/02 v1.4n Standard LaTeX file (size option)
)
\c@part=\count185
\c@section=\count186
\c@subsection=\count187
\c@subsubsection=\count188
\c@paragraph=\count189
\c@subparagraph=\count190
\c@figure=\count191
\c@table=\count192
\abovecaptionskip=\skip48
\belowcaptionskip=\skip49
\bibindent=\dimen140
)
(c:/texlive/2023/texmf-dist/tex/latex/graphics/graphicx.sty
Package: graphicx 2021/09/16 v1.2d Enhanced LaTeX Graphics (DPC,SPQR)

(c:/texlive/2023/texmf-dist/tex/latex/graphics/keyval.sty
Package: keyval 2022/05/29 v1.15 key=value parser (DPC)
\KV@toks@=\toks16
)
(c:/texlive/2023/texmf-dist/tex/latex/graphics/graphics.sty
Package: graphics 2022/03/10 v1.4e Standard LaTeX Graphics (DPC,SPQR)

(c:/texlive/2023/texmf-dist/tex/latex/graphics/trig.sty
Package: trig 2021/08/11 v1.11 sin cos tan (DPC)
)
(c:/texlive/2023/texmf-dist/tex/latex/graphics-cfg/graphics.cfg
File: graphics.cfg 2016/06/04 v1.11 sample graphics configuration
)
Package graphics Info: Driver file: pdftex.def on input line 107.

(c:/texlive/2023/texmf-dist/tex/latex/graphics-def/pdftex.def
File: pdftex.def 2022/09/22 v1.2b Graphics/color driver for pdftex
))
\Gin@req@height=\dimen141
\Gin@req@width=\dimen142
)
(c:/texlive/2023/texmf-dist/tex/latex/amsmath/amsmath.sty
Package: amsmath 2022/04/08 v2.17n AMS math features
\@mathmargin=\skip50

For additional information on amsmath, use the `?' option.
(c:/texlive/2023/texmf-dist/tex/latex/amsmath/amstext.sty
Package: amstext 2021/08/26 v2.01 AMS text

(c:/texlive/2023/texmf-dist/tex/latex/amsmath/amsgen.sty
File: amsgen.sty 1999/11/30 v2.0 generic functions
\@emptytoks=\toks17
\ex@=\dimen143
))
(c:/texlive/2023/texmf-dist/tex/latex/amsmath/amsbsy.sty
Package: amsbsy 1999/11/29 v1.2d Bold Symbols
\pmbraise@=\dimen144
)
(c:/texlive/2023/texmf-dist/tex/latex/amsmath/amsopn.sty
Package: amsopn 2022/04/08 v2.04 operator names
)
\inf@bad=\count193
LaTeX Info: Redefining \frac on input line 234.
\uproot@=\count194
\leftroot@=\count195
LaTeX Info: Redefining \overline on input line 399.
LaTeX Info: Redefining \colon on input line 410.
\classnum@=\count196
\DOTSCASE@=\count197
LaTeX Info: Redefining \ldots on input line 496.
LaTeX Info: Redefining \dots on input line 499.
LaTeX Info: Redefining \cdots on input line 620.
\Mathstrutbox@=\box51
\strutbox@=\box52
LaTeX Info: Redefining \big on input line 722.
LaTeX Info: Redefining \Big on input line 723.
LaTeX Info: Redefining \bigg on input line 724.
LaTeX Info: Redefining \Bigg on input line 725.
\big@size=\dimen145
LaTeX Font Info:    Redeclaring font encoding OML on input line 743.
LaTeX Font Info:    Redeclaring font encoding OMS on input line 744.
\macc@depth=\count198
LaTeX Info: Redefining \bmod on input line 905.
LaTeX Info: Redefining \pmod on input line 910.
LaTeX Info: Redefining \smash on input line 940.
LaTeX Info: Redefining \relbar on input line 970.
LaTeX Info: Redefining \Relbar on input line 971.
\c@MaxMatrixCols=\count199
\dotsspace@=\muskip16
\c@parentequation=\count266
\dspbrk@lvl=\count267
\tag@help=\toks18
\row@=\count268
\column@=\count269
\maxfields@=\count270
\andhelp@=\toks19
\eqnshift@=\dimen146
\alignsep@=\dimen147
\tagshift@=\dimen148
\tagwidth@=\dimen149
\totwidth@=\dimen150
\lineht@=\dimen151
\@envbody=\toks20
\multlinegap=\skip51
\multlinetaggap=\skip52
\mathdisplay@stack=\toks21
LaTeX Info: Redefining \[ on input line 2953.
LaTeX Info: Redefining \] on input line 2954.
)
(c:/texlive/2023/texmf-dist/tex/latex/geometry/geometry.sty
Package: geometry 2020/01/02 v5.9 Page Geometry

(c:/texlive/2023/texmf-dist/tex/generic/iftex/ifvtex.sty
Package: ifvtex 2019/10/25 v1.7 ifvtex legacy package. Use iftex instead.

(c:/texlive/2023/texmf-dist/tex/generic/iftex/iftex.sty
Package: iftex 2022/02/03 v1.0f TeX engine tests
))
\Gm@cnth=\count271
\Gm@cntv=\count272
\c@Gm@tempcnt=\count273
\Gm@bindingoffset=\dimen152
\Gm@wd@mp=\dimen153
\Gm@odd@mp=\dimen154
\Gm@even@mp=\dimen155
\Gm@layoutwidth=\dimen156
\Gm@layoutheight=\dimen157
\Gm@layouthoffset=\dimen158
\Gm@layoutvoffset=\dimen159
\Gm@dimlist=\toks22
)
(c:/texlive/2023/texmf-dist/tex/latex/gensymb/gensymb.sty
Package: gensymb 2022/10/17 v1.0.2 (KJH)
)
(c:/texlive/2023/texmf-dist/tex/latex/float/float.sty
Package: float 2001/11/08 v1.3d Float enhancements (AL)
\c@float@type=\count274
\float@exts=\toks23
\float@box=\box53
\@float@everytoks=\toks24
\@floatcapt=\box54
)
(c:/texlive/2023/texmf-dist/tex/latex/l3backend/l3backend-pdftex.def
File: l3backend-pdftex.def 2023-04-19 L3 backend support: PDF output (pdfTeX)
\l__color_backend_stack_int=\count275
\l__pdf_internal_box=\box55
)
(C:/Users/Alek/Documents/MultivariableControlSystemsProject/out/MultivariableCo
ntrolSystemsProjectUpdate4Report.aux)
\openout1 = `MultivariableControlSystemsProjectUpdate4Report.aux'.

LaTeX Font Info:    Checking defaults for OML/cmm/m/it on input line 15.
LaTeX Font Info:    ... okay on input line 15.
LaTeX Font Info:    Checking defaults for OMS/cmsy/m/n on input line 15.
LaTeX Font Info:    ... okay on input line 15.
LaTeX Font Info:    Checking defaults for OT1/cmr/m/n on input line 15.
LaTeX Font Info:    ... okay on input line 15.
LaTeX Font Info:    Checking defaults for T1/cmr/m/n on input line 15.
LaTeX Font Info:    ... okay on input line 15.
LaTeX Font Info:    Checking defaults for TS1/cmr/m/n on input line 15.
LaTeX Font Info:    ... okay on input line 15.
LaTeX Font Info:    Checking defaults for OMX/cmex/m/n on input line 15.
LaTeX Font Info:    ... okay on input line 15.
LaTeX Font Info:    Checking defaults for U/cmr/m/n on input line 15.
LaTeX Font Info:    ... okay on input line 15.

(c:/texlive/2023/texmf-dist/tex/context/base/mkii/supp-pdf.mkii
[Loading MPS to PDF converter (version 2006.09.02).]
\scratchcounter=\count276
\scratchdimen=\dimen160
\scratchbox=\box56
\nofMPsegments=\count277
\nofMParguments=\count278
\everyMPshowfont=\toks25
\MPscratchCnt=\count279
\MPscratchDim=\dimen161
\MPnumerator=\count280
\makeMPintoPDFobject=\count281
\everyMPtoPDFconversion=\toks26
) (c:/texlive/2023/texmf-dist/tex/latex/epstopdf-pkg/epstopdf-base.sty
Package: epstopdf-base 2020-01-24 v2.11 Base part for package epstopdf
Package epstopdf-base Info: Redefining graphics rule for `.eps' on input line 4
85.

(c:/texlive/2023/texmf-dist/tex/latex/latexconfig/epstopdf-sys.cfg
File: epstopdf-sys.cfg 2010/07/13 v1.3 Configuration of (r)epstopdf for TeX Liv
e
))
*geometry* driver: auto-detecting
*geometry* detected driver: pdftex
*geometry* verbose mode - [ preamble ] result:
* driver: pdftex
* paper: <default>
* layout: <same size as paper>
* layoutoffset:(h,v)=(0.0pt,0.0pt)
* modes: 
* h-part:(L,W,R)=(56.9055pt, 500.484pt, 56.9055pt)
* v-part:(T,H,B)=(56.9055pt, 681.15898pt, 56.9055pt)
* \paperwidth=614.295pt
* \paperheight=794.96999pt
* \textwidth=500.484pt
* \textheight=681.15898pt
* \oddsidemargin=-15.36449pt
* \evensidemargin=-15.36449pt
* \topmargin=-52.36449pt
* \headheight=12.0pt
* \headsep=25.0pt
* \topskip=10.0pt
* \footskip=30.0pt
* \marginparwidth=65.0pt
* \marginparsep=11.0pt
* \columnsep=10.0pt
* \skip\footins=9.0pt plus 4.0pt minus 2.0pt
* \hoffset=0.0pt
* \voffset=0.0pt
* \mag=1000
* \@twocolumnfalse
* \@twosidefalse
* \@mparswitchfalse
* \@reversemarginfalse
* (1in=72.27pt=25.4mm, 1cm=28.453pt)

LaTeX Info: Redefining \celsius on input line 15.
Package gensymb Info: Faking symbols for \degree and \celsius on input line 15.


Package gensymb Warning: Not defining \perthousand.

LaTeX Info: Redefining \ohm on input line 15.
Package gensymb Info: Using \Omega for \ohm on input line 15.

Package gensymb Warning: Not defining \micro.

<ProjectUpdate4Figures/drone_system_model_simulink.png, id=1, 2831.57875pt x 11
42.2675pt>
File: ProjectUpdate4Figures/drone_system_model_simulink.png Graphic file (type 
png)
<use ProjectUpdate4Figures/drone_system_model_simulink.png>
Package pdftex.def Info: ProjectUpdate4Figures/drone_system_model_simulink.png 
 used on input line 42.
(pdftex.def)             Requested size: 500.484pt x 201.88678pt.
<C:/Users/Alek/Documents/MultivariableControlSystemsProject/ProjectUpdate4/Proj
ectUpdate4Figures/open_loop_plant_measurements.png, id=3, 2755.29375pt x 744.78
25pt>
File: C:/Users/Alek/Documents/MultivariableControlSystemsProject/ProjectUpdate4
/ProjectUpdate4Figures/open_loop_plant_measurements.png Graphic file (type png)

<use C:/Users/Alek/Documents/MultivariableControlSystemsProject/ProjectUpdate4/
ProjectUpdate4Figures/open_loop_plant_measurements.png>
Package pdftex.def Info: C:/Users/Alek/Documents/MultivariableControlSystemsPro
ject/ProjectUpdate4/ProjectUpdate4Figures/open_loop_plant_measurements.png  use
d on input line 52.
(pdftex.def)             Requested size: 500.484pt x 135.28242pt.
[1

{c:/texlive/2023/texmf-var/fonts/map/pdftex/updmap/pdftex.map} <./ProjectUpdate
4Figures/drone_system_model_simulink.png>]
<ProjectUpdate4Figures/chirp_signal_frequency_sweep_parameters.png, id=14, 1232
.605pt x 1122.1925pt>
File: ProjectUpdate4Figures/chirp_signal_frequency_sweep_parameters.png Graphic
 file (type png)
<use ProjectUpdate4Figures/chirp_signal_frequency_sweep_parameters.png>
Package pdftex.def Info: ProjectUpdate4Figures/chirp_signal_frequency_sweep_par
ameters.png  used on input line 83.
(pdftex.def)             Requested size: 250.24199pt x 227.82492pt.
 [2 <c:/Users/Alek/Documents/MultivariableControlSystemsProject/ProjectUpdate4/
ProjectUpdate4Figures/open_loop_plant_measurements.png> <./ProjectUpdate4Figure
s/chirp_signal_frequency_sweep_parameters.png>]
<C:/Users/Alek/Documents/MultivariableControlSystemsProject/ProjectUpdate4/Proj
ectUpdate4Figures/ssest_model_order_estimation.png, id=20, 3370.5925pt x 2042.6
3126pt>
File: C:/Users/Alek/Documents/MultivariableControlSystemsProject/ProjectUpdate4
/ProjectUpdate4Figures/ssest_model_order_estimation.png Graphic file (type png)

<use C:/Users/Alek/Documents/MultivariableControlSystemsProject/ProjectUpdate4/
ProjectUpdate4Figures/ssest_model_order_estimation.png>
Package pdftex.def Info: C:/Users/Alek/Documents/MultivariableControlSystemsPro
ject/ProjectUpdate4/ProjectUpdate4Figures/ssest_model_order_estimation.png  use
d on input line 130.
(pdftex.def)             Requested size: 500.484pt x 303.29584pt.
 [3 <c:/Users/Alek/Documents/MultivariableControlSystemsProject/ProjectUpdate4/
ProjectUpdate4Figures/ssest_model_order_estimation.png>]
<ProjectUpdate4Figures/LinearizedOpenLoopDroneModel.png, id=25, 670.6656pt x 47
4.573pt>
File: ProjectUpdate4Figures/LinearizedOpenLoopDroneModel.png Graphic file (type
 png)
<use ProjectUpdate4Figures/LinearizedOpenLoopDroneModel.png>
Package pdftex.def Info: ProjectUpdate4Figures/LinearizedOpenLoopDroneModel.png
  used on input line 160.
(pdftex.def)             Requested size: 500.484pt x 354.14749pt.
<ProjectUpdate4Figures/identified_state_space_model.png, id=26, 780.0342pt x 50
3.9628pt>
File: ProjectUpdate4Figures/identified_state_space_model.png Graphic file (type
 png)
<use ProjectUpdate4Figures/identified_state_space_model.png>
Package pdftex.def Info: ProjectUpdate4Figures/identified_state_space_model.png
  used on input line 170.
(pdftex.def)             Requested size: 500.484pt x 323.3502pt.
 [4 <./ProjectUpdate4Figures/LinearizedOpenLoopDroneModel.png (PNG copy)>]
<C:/Users/Alek/Documents/MultivariableControlSystemsProject/ProjectUpdate4/Proj
ectUpdate4Figures/simulink_model_adjusted_for_noise.png, id=30, 2625.81pt x 105
8.95625pt>
File: C:/Users/Alek/Documents/MultivariableControlSystemsProject/ProjectUpdate4
/ProjectUpdate4Figures/simulink_model_adjusted_for_noise.png Graphic file (type
 png)
<use C:/Users/Alek/Documents/MultivariableControlSystemsProject/ProjectUpdate4/
ProjectUpdate4Figures/simulink_model_adjusted_for_noise.png>
Package pdftex.def Info: C:/Users/Alek/Documents/MultivariableControlSystemsPro
ject/ProjectUpdate4/ProjectUpdate4Figures/simulink_model_adjusted_for_noise.png
  used on input line 190.
(pdftex.def)             Requested size: 500.484pt x 201.83395pt.
 [5 <./ProjectUpdate4Figures/identified_state_space_model.png (PNG copy)>]
Underfull \hbox (badness 10000) in paragraph at lines 195--197

 []

<ProjectUpdate4Figures/noisy_model_bode_plots.png, id=34, 674.0382pt x 474.573p
t>
File: ProjectUpdate4Figures/noisy_model_bode_plots.png Graphic file (type png)
<use ProjectUpdate4Figures/noisy_model_bode_plots.png>
Package pdftex.def Info: ProjectUpdate4Figures/noisy_model_bode_plots.png  used
 on input line 220.
(pdftex.def)             Requested size: 500.484pt x 352.38058pt.
[6 <c:/Users/Alek/Documents/MultivariableControlSystemsProject/ProjectUpdate4/P
rojectUpdate4Figures/simulink_model_adjusted_for_noise.png>] [7 <./ProjectUpdat
e4Figures/noisy_model_bode_plots.png (PNG copy)>] [8] [9]
(C:/Users/Alek/Documents/MultivariableControlSystemsProject/out/MultivariableCo
ntrolSystemsProjectUpdate4Report.aux) ) 
Here is how much of TeX's memory you used:
 2863 strings out of 476038
 52074 string characters out of 5794168
 1857779 words of memory out of 5000000
 23292 multiletter control sequences out of 15000+600000
 517362 words of font info for 50 fonts, out of 8000000 for 9000
 1141 hyphenation exceptions out of 8191
 57i,10n,62p,374b,236s stack positions out of 10000i,1000n,20000p,200000b,200000s
<c:/texlive/2023/texmf-dist/fonts/type1/
public/amsfonts/cm/cmbx12.pfb><c:/texlive/2023/texmf-dist/fonts/type1/public/am
sfonts/cm/cmmi10.pfb><c:/texlive/2023/texmf-dist/fonts/type1/public/amsfonts/cm
/cmmi7.pfb><c:/texlive/2023/texmf-dist/fonts/type1/public/amsfonts/cm/cmr10.pfb
><c:/texlive/2023/texmf-dist/fonts/type1/public/amsfonts/cm/cmr12.pfb><c:/texli
ve/2023/texmf-dist/fonts/type1/public/amsfonts/cm/cmr17.pfb><c:/texlive/2023/te
xmf-dist/fonts/type1/public/amsfonts/cm/cmsy10.pfb>
Output written on C:/Users/Alek/Documents/MultivariableControlSystemsProject/ou
t/MultivariableControlSystemsProjectUpdate4Report.pdf (9 pages, 760262 bytes).
PDF statistics:
 83 PDF objects out of 1000 (max. 8388607)
 44 compressed objects within 1 object stream
 0 named destinations out of 1000 (max. 500000)
 41 words of extra memory for PDF output out of 10000 (max. 10000000)

